// Jest Snapshot v1, https://goo.gl/fbAQLP

exports[`SimpleCard should render correctly 1`] = `
<SimpleCard
  classes={
    Object {
      "card": "SimpleCard-card-1",
      "des": "SimpleCard-des-5",
      "name": "SimpleCard-name-3",
      "pos": "SimpleCard-pos-4",
      "title": "SimpleCard-title-2",
    }
  }
/>
`;
